[debug] [2026-03-06T00:37:13.044Z] ----------------------------------------------------------------------
[debug] [2026-03-06T00:37:13.047Z] Command:       /home/glow/.nvm/versions/node/v22.15.0/bin/node /home/glow/.nvm/versions/node/v22.15.0/bin/firebase emulators:start --only auth
[debug] [2026-03-06T00:37:13.048Z] CLI Version:   15.7.0
[debug] [2026-03-06T00:37:13.048Z] Platform:      linux
[debug] [2026-03-06T00:37:13.048Z] Node Version:  v22.15.0
[debug] [2026-03-06T00:37:13.048Z] Time:          Thu Mar 05 2026 21:37:13 GMT-0300 (Horário Padrão de Brasília)
[debug] [2026-03-06T00:37:13.048Z] ----------------------------------------------------------------------
[debug] 
[debug] [2026-03-06T00:37:13.051Z] >>> [apiv2][query] GET https://firebase-public.firebaseio.com/cli.json [none]
[info] i  emulators: Starting emulators: auth {"metadata":{"emulator":{"name":"hub"},"message":"Starting emulators: auth"}}
[info] i  emulators: Detected demo project ID "demo-financasratimbum", emulated services will use a demo configuration and attempts to access non-emulated services for this project will fail. {"metadata":{"emulator":{"name":"hub"},"message":"Detected demo project ID \"demo-financasratimbum\", emulated services will use a demo configuration and attempts to access non-emulated services for this project will fail."}}
[debug] [2026-03-06T00:37:14.092Z] [logging] Logging Emulator only supports listening on one address (127.0.0.1). Not listening on ::1
[debug] [2026-03-06T00:37:14.092Z] [auth] Authentication Emulator only supports listening on one address (127.0.0.1). Not listening on ::1
[debug] [2026-03-06T00:37:14.092Z] assigned listening specs for emulators {"user":{"hub":[{"address":"127.0.0.1","family":"IPv4","port":4400},{"address":"::1","family":"IPv6","port":4400}],"ui":[{"address":"127.0.0.1","family":"IPv4","port":4000},{"address":"::1","family":"IPv6","port":4000}],"logging":[{"address":"127.0.0.1","family":"IPv4","port":4500}],"auth":[{"address":"127.0.0.1","family":"IPv4","port":9099}]},"metadata":{"message":"assigned listening specs for emulators"}}
[debug] [2026-03-06T00:37:14.096Z] Write emulator hub locator at /tmp/hub-demo-financasratimbum.json
[info] i  ui: downloading ui-v1.15.0.zip... {"metadata":{"emulator":{"name":"ui"},"message":"downloading ui-v1.15.0.zip..."}}
[debug] [2026-03-06T00:37:22.655Z] >>> [apiv2][query] GET https://storage.googleapis.com/firebase-preview-drop/emulator/ui-v1.15.0.zip 
[debug] [2026-03-06T00:37:22.774Z] <<< [apiv2][status] GET https://storage.googleapis.com/firebase-preview-drop/emulator/ui-v1.15.0.zip 200
[debug] [2026-03-06T00:37:22.774Z] <<< [apiv2][body] GET https://storage.googleapis.com/firebase-preview-drop/emulator/ui-v1.15.0.zip [stream]
[debug] [2026-03-06T00:37:23.018Z] <<< [apiv2][status] GET https://firebase-public.firebaseio.com/cli.json 200
[debug] [2026-03-06T00:37:23.019Z] <<< [apiv2][body] GET https://firebase-public.firebaseio.com/cli.json {"cloudBuildErrorAfter":1594252800000,"cloudBuildWarnAfter":1590019200000,"defaultNode10After":1594252800000,"minVersion":"3.0.5","node8DeploysDisabledAfter":1613390400000,"node8RuntimeDisabledAfter":1615809600000,"node8WarnAfter":1600128000000}
[debug] [2026-03-06T00:37:23.169Z] Data is 3538469
[debug] [2026-03-06T00:37:23.169Z] [unzip] Entry: client/ (compressed_size=0 bytes, uncompressed_size=0 bytes)
[debug] [2026-03-06T00:37:23.169Z] [unzip] Processing entry: client/
[debug] [2026-03-06T00:37:23.169Z] [unzip] mkdir: /home/glow/.cache/firebase/emulators/ui-v1.15.0/client/
[debug] [2026-03-06T00:37:23.170Z] [unzip] Entry: client/favicon-16x16.png (compressed_size=293 bytes, uncompressed_size=293 bytes)
[debug] [2026-03-06T00:37:23.170Z] [unzip] Processing entry: client/favicon-16x16.png
[debug] [2026-03-06T00:37:23.170Z] [unzip] else mkdir: /home/glow/.cache/firebase/emulators/ui-v1.15.0/client
[debug] [2026-03-06T00:37:23.170Z] [unzip] Writing file: /home/glow/.cache/firebase/emulators/ui-v1.15.0/client/favicon-16x16.png
[debug] [2026-03-06T00:37:23.171Z] [unzip] Entry: client/safari-pinned-tab.svg (compressed_size=1433 bytes, uncompressed_size=2611 bytes)
[debug] [2026-03-06T00:37:23.171Z] [unzip] Processing entry: client/safari-pinned-tab.svg
[debug] [2026-03-06T00:37:23.171Z] [unzip] else mkdir: /home/glow/.cache/firebase/emulators/ui-v1.15.0/client
[debug] [2026-03-06T00:37:23.171Z] [unzip] deflating: /home/glow/.cache/firebase/emulators/ui-v1.15.0/client/safari-pinned-tab.svg
[debug] [2026-03-06T00:37:23.175Z] [unzip] Entry: client/favicon.ico (compressed_size=2933 bytes, uncompressed_size=13294 bytes)
[debug] [2026-03-06T00:37:23.175Z] [unzip] Processing entry: client/favicon.ico
[debug] [2026-03-06T00:37:23.175Z] [unzip] else mkdir: /home/glow/.cache/firebase/emulators/ui-v1.15.0/client
[debug] [2026-03-06T00:37:23.175Z] [unzip] deflating: /home/glow/.cache/firebase/emulators/ui-v1.15.0/client/favicon.ico
[debug] [2026-03-06T00:37:23.177Z] [unzip] Entry: client/index.html (compressed_size=1364 bytes, uncompressed_size=3071 bytes)
[debug] [2026-03-06T00:37:23.177Z] [unzip] Processing entry: client/index.html
[debug] [2026-03-06T00:37:23.177Z] [unzip] else mkdir: /home/glow/.cache/firebase/emulators/ui-v1.15.0/client
[debug] [2026-03-06T00:37:23.177Z] [unzip] deflating: /home/glow/.cache/firebase/emulators/ui-v1.15.0/client/index.html
[debug] [2026-03-06T00:37:23.178Z] [unzip] Entry: client/android-chrome-192x192.png (compressed_size=2684 bytes, uncompressed_size=2684 bytes)
[debug] [2026-03-06T00:37:23.179Z] [unzip] Processing entry: client/android-chrome-192x192.png
[debug] [2026-03-06T00:37:23.179Z] [unzip] else mkdir: /home/glow/.cache/firebase/emulators/ui-v1.15.0/client
[debug] [2026-03-06T00:37:23.179Z] [unzip] Writing file: /home/glow/.cache/firebase/emulators/ui-v1.15.0/client/android-chrome-192x192.png
[debug] [2026-03-06T00:37:23.179Z] [unzip] Entry: client/apple-touch-icon.png (compressed_size=2123 bytes, uncompressed_size=2152 bytes)
[debug] [2026-03-06T00:37:23.179Z] [unzip] Processing entry: client/apple-touch-icon.png
[debug] [2026-03-06T00:37:23.179Z] [unzip] else mkdir: /home/glow/.cache/firebase/emulators/ui-v1.15.0/client
[debug] [2026-03-06T00:37:23.180Z] [unzip] deflating: /home/glow/.cache/firebase/emulators/ui-v1.15.0/client/apple-touch-icon.png
[debug] [2026-03-06T00:37:23.181Z] [unzip] Entry: client/android-chrome-512x512.png (compressed_size=5369 bytes, uncompressed_size=5411 bytes)
[debug] [2026-03-06T00:37:23.181Z] [unzip] Processing entry: client/android-chrome-512x512.png
[debug] [2026-03-06T00:37:23.181Z] [unzip] else mkdir: /home/glow/.cache/firebase/emulators/ui-v1.15.0/client
[debug] [2026-03-06T00:37:23.181Z] [unzip] deflating: /home/glow/.cache/firebase/emulators/ui-v1.15.0/client/android-chrome-512x512.png
[debug] [2026-03-06T00:37:23.182Z] [unzip] Entry: client/manifest.json (compressed_size=245 bytes, uncompressed_size=551 bytes)
[debug] [2026-03-06T00:37:23.182Z] [unzip] Processing entry: client/manifest.json
[debug] [2026-03-06T00:37:23.182Z] [unzip] else mkdir: /home/glow/.cache/firebase/emulators/ui-v1.15.0/client
[debug] [2026-03-06T00:37:23.182Z] [unzip] deflating: /home/glow/.cache/firebase/emulators/ui-v1.15.0/client/manifest.json
[debug] [2026-03-06T00:37:23.184Z] [unzip] Entry: client/robots.txt (compressed_size=26 bytes, uncompressed_size=26 bytes)
[debug] [2026-03-06T00:37:23.184Z] [unzip] Processing entry: client/robots.txt
[debug] [2026-03-06T00:37:23.184Z] [unzip] else mkdir: /home/glow/.cache/firebase/emulators/ui-v1.15.0/client
[debug] [2026-03-06T00:37:23.184Z] [unzip] Writing file: /home/glow/.cache/firebase/emulators/ui-v1.15.0/client/robots.txt
[debug] [2026-03-06T00:37:23.185Z] [unzip] Entry: client/mstile-150x150.png (compressed_size=2034 bytes, uncompressed_size=2034 bytes)
[debug] [2026-03-06T00:37:23.185Z] [unzip] Processing entry: client/mstile-150x150.png
[debug] [2026-03-06T00:37:23.185Z] [unzip] else mkdir: /home/glow/.cache/firebase/emulators/ui-v1.15.0/client
[debug] [2026-03-06T00:37:23.185Z] [unzip] Writing file: /home/glow/.cache/firebase/emulators/ui-v1.15.0/client/mstile-150x150.png
[debug] [2026-03-06T00:37:23.185Z] [unzip] Entry: client/assets/ (compressed_size=0 bytes, uncompressed_size=0 bytes)
[debug] [2026-03-06T00:37:23.185Z] [unzip] Processing entry: client/assets/
[debug] [2026-03-06T00:37:23.185Z] [unzip] mkdir: /home/glow/.cache/firebase/emulators/ui-v1.15.0/client/assets/
[debug] [2026-03-06T00:37:23.186Z] [unzip] Entry: client/assets/index-BX-A56oj.js (compressed_size=582089 bytes, uncompressed_size=2092775 bytes)
[debug] [2026-03-06T00:37:23.186Z] [unzip] Processing entry: client/assets/index-BX-A56oj.js
[debug] [2026-03-06T00:37:23.186Z] [unzip] else mkdir: /home/glow/.cache/firebase/emulators/ui-v1.15.0/client/assets
[debug] [2026-03-06T00:37:23.186Z] [unzip] deflating: /home/glow/.cache/firebase/emulators/ui-v1.15.0/client/assets/index-BX-A56oj.js
[debug] [2026-03-06T00:37:23.202Z] [unzip] Entry: client/assets/index-CjB9C900.css (compressed_size=35979 bytes, uncompressed_size=298654 bytes)
[debug] [2026-03-06T00:37:23.202Z] [unzip] Processing entry: client/assets/index-CjB9C900.css
[debug] [2026-03-06T00:37:23.202Z] [unzip] else mkdir: /home/glow/.cache/firebase/emulators/ui-v1.15.0/client/assets
[debug] [2026-03-06T00:37:23.202Z] [unzip] deflating: /home/glow/.cache/firebase/emulators/ui-v1.15.0/client/assets/index-CjB9C900.css
[debug] [2026-03-06T00:37:23.204Z] [unzip] Entry: client/assets/index-BX-A56oj.js.map (compressed_size=2362482 bytes, uncompressed_size=10036679 bytes)
[debug] [2026-03-06T00:37:23.204Z] [unzip] Processing entry: client/assets/index-BX-A56oj.js.map
[debug] [2026-03-06T00:37:23.204Z] [unzip] else mkdir: /home/glow/.cache/firebase/emulators/ui-v1.15.0/client/assets
[debug] [2026-03-06T00:37:23.205Z] [unzip] deflating: /home/glow/.cache/firebase/emulators/ui-v1.15.0/client/assets/index-BX-A56oj.js.map
[debug] [2026-03-06T00:37:23.261Z] [unzip] Entry: client/assets/extensions/ (compressed_size=0 bytes, uncompressed_size=0 bytes)
[debug] [2026-03-06T00:37:23.261Z] [unzip] Processing entry: client/assets/extensions/
[debug] [2026-03-06T00:37:23.261Z] [unzip] mkdir: /home/glow/.cache/firebase/emulators/ui-v1.15.0/client/assets/extensions/
[debug] [2026-03-06T00:37:23.262Z] [unzip] Entry: client/assets/extensions/default-extension.png (compressed_size=1646 bytes, uncompressed_size=1657 bytes)
[debug] [2026-03-06T00:37:23.262Z] [unzip] Processing entry: client/assets/extensions/default-extension.png
[debug] [2026-03-06T00:37:23.262Z] [unzip] else mkdir: /home/glow/.cache/firebase/emulators/ui-v1.15.0/client/assets/extensions
[debug] [2026-03-06T00:37:23.262Z] [unzip] deflating: /home/glow/.cache/firebase/emulators/ui-v1.15.0/client/assets/extensions/default-extension.png
[debug] [2026-03-06T00:37:23.263Z] [unzip] Entry: client/assets/img/ (compressed_size=0 bytes, uncompressed_size=0 bytes)
[debug] [2026-03-06T00:37:23.263Z] [unzip] Processing entry: client/assets/img/
[debug] [2026-03-06T00:37:23.263Z] [unzip] mkdir: /home/glow/.cache/firebase/emulators/ui-v1.15.0/client/assets/img/
[debug] [2026-03-06T00:37:23.264Z] [unzip] Entry: client/assets/img/database.png (compressed_size=29449 bytes, uncompressed_size=29988 bytes)
[debug] [2026-03-06T00:37:23.264Z] [unzip] Processing entry: client/assets/img/database.png
[debug] [2026-03-06T00:37:23.264Z] [unzip] else mkdir: /home/glow/.cache/firebase/emulators/ui-v1.15.0/client/assets/img
[debug] [2026-03-06T00:37:23.264Z] [unzip] deflating: /home/glow/.cache/firebase/emulators/ui-v1.15.0/client/assets/img/database.png
[debug] [2026-03-06T00:37:23.265Z] [unzip] Entry: client/assets/provider-icons/ (compressed_size=0 bytes, uncompressed_size=0 bytes)
[debug] [2026-03-06T00:37:23.265Z] [unzip] Processing entry: client/assets/provider-icons/
[debug] [2026-03-06T00:37:23.265Z] [unzip] mkdir: /home/glow/.cache/firebase/emulators/ui-v1.15.0/client/assets/provider-icons/
[debug] [2026-03-06T00:37:23.266Z] [unzip] Entry: client/assets/provider-icons/auth_service_saml.svg (compressed_size=575 bytes, uncompressed_size=1226 bytes)
[debug] [2026-03-06T00:37:23.266Z] [unzip] Processing entry: client/assets/provider-icons/auth_service_saml.svg
[debug] [2026-03-06T00:37:23.266Z] [unzip] else mkdir: /home/glow/.cache/firebase/emulators/ui-v1.15.0/client/assets/provider-icons
[debug] [2026-03-06T00:37:23.266Z] [unzip] deflating: /home/glow/.cache/firebase/emulators/ui-v1.15.0/client/assets/provider-icons/auth_service_saml.svg
[debug] [2026-03-06T00:37:23.267Z] [unzip] Entry: client/assets/provider-icons/auth_service_phone.svg (compressed_size=261 bytes, uncompressed_size=414 bytes)
[debug] [2026-03-06T00:37:23.267Z] [unzip] Processing entry: client/assets/provider-icons/auth_service_phone.svg
[debug] [2026-03-06T00:37:23.267Z] [unzip] else mkdir: /home/glow/.cache/firebase/emulators/ui-v1.15.0/client/assets/provider-icons
[debug] [2026-03-06T00:37:23.267Z] [unzip] deflating: /home/glow/.cache/firebase/emulators/ui-v1.15.0/client/assets/provider-icons/auth_service_phone.svg
[debug] [2026-03-06T00:37:23.267Z] [unzip] Entry: client/assets/provider-icons/auth_service_facebook.svg (compressed_size=289 bytes, uncompressed_size=457 bytes)
[debug] [2026-03-06T00:37:23.267Z] [unzip] Processing entry: client/assets/provider-icons/auth_service_facebook.svg
[debug] [2026-03-06T00:37:23.268Z] [unzip] else mkdir: /home/glow/.cache/firebase/emulators/ui-v1.15.0/client/assets/provider-icons
[debug] [2026-03-06T00:37:23.268Z] [unzip] deflating: /home/glow/.cache/firebase/emulators/ui-v1.15.0/client/assets/provider-icons/auth_service_facebook.svg
[debug] [2026-03-06T00:37:23.268Z] [unzip] Entry: client/assets/provider-icons/auth_service_game_center.svg (compressed_size=991 bytes, uncompressed_size=3921 bytes)
[debug] [2026-03-06T00:37:23.272Z] [unzip] Processing entry: client/assets/provider-icons/auth_service_game_center.svg
[debug] [2026-03-06T00:37:23.272Z] [unzip] else mkdir: /home/glow/.cache/firebase/emulators/ui-v1.15.0/client/assets/provider-icons
[debug] [2026-03-06T00:37:23.273Z] [unzip] deflating: /home/glow/.cache/firebase/emulators/ui-v1.15.0/client/assets/provider-icons/auth_service_game_center.svg
[debug] [2026-03-06T00:37:23.274Z] [unzip] Entry: client/assets/provider-icons/auth_service_apple.svg (compressed_size=230 bytes, uncompressed_size=334 bytes)
[debug] [2026-03-06T00:37:23.274Z] [unzip] Processing entry: client/assets/provider-icons/auth_service_apple.svg
[debug] [2026-03-06T00:37:23.274Z] [unzip] else mkdir: /home/glow/.cache/firebase/emulators/ui-v1.15.0/client/assets/provider-icons
[debug] [2026-03-06T00:37:23.274Z] [unzip] deflating: /home/glow/.cache/firebase/emulators/ui-v1.15.0/client/assets/provider-icons/auth_service_apple.svg
[debug] [2026-03-06T00:37:23.275Z] [unzip] Entry: client/assets/provider-icons/auth_service_github.svg (compressed_size=466 bytes, uncompressed_size=838 bytes)
[debug] [2026-03-06T00:37:23.275Z] [unzip] Processing entry: client/assets/provider-icons/auth_service_github.svg
[debug] [2026-03-06T00:37:23.276Z] [unzip] else mkdir: /home/glow/.cache/firebase/emulators/ui-v1.15.0/client/assets/provider-icons
[debug] [2026-03-06T00:37:23.276Z] [unzip] deflating: /home/glow/.cache/firebase/emulators/ui-v1.15.0/client/assets/provider-icons/auth_service_github.svg
[debug] [2026-03-06T00:37:23.276Z] [unzip] Entry: client/assets/provider-icons/auth_service_mslive.svg (compressed_size=203 bytes, uncompressed_size=378 bytes)
[debug] [2026-03-06T00:37:23.277Z] [unzip] Processing entry: client/assets/provider-icons/auth_service_mslive.svg
[debug] [2026-03-06T00:37:23.277Z] [unzip] else mkdir: /home/glow/.cache/firebase/emulators/ui-v1.15.0/client/assets/provider-icons
[debug] [2026-03-06T00:37:23.277Z] [unzip] deflating: /home/glow/.cache/firebase/emulators/ui-v1.15.0/client/assets/provider-icons/auth_service_mslive.svg
[debug] [2026-03-06T00:37:23.278Z] [unzip] Entry: client/assets/provider-icons/auth_service_yahoo.svg (compressed_size=577 bytes, uncompressed_size=1182 bytes)
[debug] [2026-03-06T00:37:23.278Z] [unzip] Processing entry: client/assets/provider-icons/auth_service_yahoo.svg
[debug] [2026-03-06T00:37:23.278Z] [unzip] else mkdir: /home/glow/.cache/firebase/emulators/ui-v1.15.0/client/assets/provider-icons
[debug] [2026-03-06T00:37:23.278Z] [unzip] deflating: /home/glow/.cache/firebase/emulators/ui-v1.15.0/client/assets/provider-icons/auth_service_yahoo.svg
[debug] [2026-03-06T00:37:23.279Z] [unzip] Entry: client/assets/provider-icons/auth_service_twitter.svg (compressed_size=444 bytes, uncompressed_size=751 bytes)
[debug] [2026-03-06T00:37:23.279Z] [unzip] Processing entry: client/assets/provider-icons/auth_service_twitter.svg
[debug] [2026-03-06T00:37:23.279Z] [unzip] else mkdir: /home/glow/.cache/firebase/emulators/ui-v1.15.0/client/assets/provider-icons
[debug] [2026-03-06T00:37:23.279Z] [unzip] deflating: /home/glow/.cache/firebase/emulators/ui-v1.15.0/client/assets/provider-icons/auth_service_twitter.svg
[debug] [2026-03-06T00:37:23.280Z] [unzip] Entry: client/assets/provider-icons/auth_service_play_games.svg (compressed_size=565 bytes, uncompressed_size=1173 bytes)
[debug] [2026-03-06T00:37:23.280Z] [unzip] Processing entry: client/assets/provider-icons/auth_service_play_games.svg
[debug] [2026-03-06T00:37:23.280Z] [unzip] else mkdir: /home/glow/.cache/firebase/emulators/ui-v1.15.0/client/assets/provider-icons
[debug] [2026-03-06T00:37:23.281Z] [unzip] deflating: /home/glow/.cache/firebase/emulators/ui-v1.15.0/client/assets/provider-icons/auth_service_play_games.svg
[debug] [2026-03-06T00:37:23.281Z] [unzip] Entry: client/assets/provider-icons/auth_service_email.svg (compressed_size=228 bytes, uncompressed_size=326 bytes)
[debug] [2026-03-06T00:37:23.281Z] [unzip] Processing entry: client/assets/provider-icons/auth_service_email.svg
[debug] [2026-03-06T00:37:23.281Z] [unzip] else mkdir: /home/glow/.cache/firebase/emulators/ui-v1.15.0/client/assets/provider-icons
[debug] [2026-03-06T00:37:23.282Z] [unzip] deflating: /home/glow/.cache/firebase/emulators/ui-v1.15.0/client/assets/provider-icons/auth_service_email.svg
[debug] [2026-03-06T00:37:23.282Z] [unzip] Entry: client/assets/provider-icons/auth_service_google.svg (compressed_size=409 bytes, uncompressed_size=720 bytes)
[debug] [2026-03-06T00:37:23.282Z] [unzip] Processing entry: client/assets/provider-icons/auth_service_google.svg
[debug] [2026-03-06T00:37:23.282Z] [unzip] else mkdir: /home/glow/.cache/firebase/emulators/ui-v1.15.0/client/assets/provider-icons
[debug] [2026-03-06T00:37:23.282Z] [unzip] deflating: /home/glow/.cache/firebase/emulators/ui-v1.15.0/client/assets/provider-icons/auth_service_google.svg
[debug] [2026-03-06T00:37:23.283Z] [unzip] Entry: client/assets/provider-icons/auth_service_oidc.svg (compressed_size=414 bytes, uncompressed_size=858 bytes)
[debug] [2026-03-06T00:37:23.283Z] [unzip] Processing entry: client/assets/provider-icons/auth_service_oidc.svg
[debug] [2026-03-06T00:37:23.283Z] [unzip] else mkdir: /home/glow/.cache/firebase/emulators/ui-v1.15.0/client/assets/provider-icons
[debug] [2026-03-06T00:37:23.283Z] [unzip] deflating: /home/glow/.cache/firebase/emulators/ui-v1.15.0/client/assets/provider-icons/auth_service_oidc.svg
[debug] [2026-03-06T00:37:23.284Z] [unzip] Entry: client/browserconfig.xml (compressed_size=491 bytes, uncompressed_size=822 bytes)
[debug] [2026-03-06T00:37:23.284Z] [unzip] Processing entry: client/browserconfig.xml
[debug] [2026-03-06T00:37:23.284Z] [unzip] else mkdir: /home/glow/.cache/firebase/emulators/ui-v1.15.0/client
[debug] [2026-03-06T00:37:23.284Z] [unzip] deflating: /home/glow/.cache/firebase/emulators/ui-v1.15.0/client/browserconfig.xml
[debug] [2026-03-06T00:37:23.285Z] [unzip] Entry: client/favicon-32x32.png (compressed_size=475 bytes, uncompressed_size=475 bytes)
[debug] [2026-03-06T00:37:23.285Z] [unzip] Processing entry: client/favicon-32x32.png
[debug] [2026-03-06T00:37:23.285Z] [unzip] else mkdir: /home/glow/.cache/firebase/emulators/ui-v1.15.0/client
[debug] [2026-03-06T00:37:23.286Z] [unzip] Writing file: /home/glow/.cache/firebase/emulators/ui-v1.15.0/client/favicon-32x32.png
[debug] [2026-03-06T00:37:23.286Z] [unzip] Entry: server/ (compressed_size=0 bytes, uncompressed_size=0 bytes)
[debug] [2026-03-06T00:37:23.286Z] [unzip] Processing entry: server/
[debug] [2026-03-06T00:37:23.286Z] [unzip] mkdir: /home/glow/.cache/firebase/emulators/ui-v1.15.0/server/
[debug] [2026-03-06T00:37:23.287Z] [unzip] Entry: server/server.mjs.map (compressed_size=217845 bytes, uncompressed_size=944978 bytes)
[debug] [2026-03-06T00:37:23.287Z] [unzip] Processing entry: server/server.mjs.map
[debug] [2026-03-06T00:37:23.287Z] [unzip] else mkdir: /home/glow/.cache/firebase/emulators/ui-v1.15.0/server
[debug] [2026-03-06T00:37:23.287Z] [unzip] deflating: /home/glow/.cache/firebase/emulators/ui-v1.15.0/server/server.mjs.map
[debug] [2026-03-06T00:37:23.294Z] [unzip] Entry: server/server.mjs (compressed_size=276407 bytes, uncompressed_size=933701 bytes)
[debug] [2026-03-06T00:37:23.294Z] [unzip] Processing entry: server/server.mjs
[debug] [2026-03-06T00:37:23.294Z] [unzip] else mkdir: /home/glow/.cache/firebase/emulators/ui-v1.15.0/server
[debug] [2026-03-06T00:37:23.294Z] [unzip] deflating: /home/glow/.cache/firebase/emulators/ui-v1.15.0/server/server.mjs
[debug] [2026-03-06T00:37:23.302Z] Could not find VSCode notification endpoint: FetchError: request to http://localhost:40001/vscode/notify failed, reason: connect ECONNREFUSED 127.0.0.1:40001. If you are not running the Firebase Data Connect VSCode extension, this is expected and not an issue.
[info] 
┌─────────────────────────────────────────────────────────────┐
│ ✔  All emulators ready! It is now safe to connect your app. │
│ i  View Emulator UI at http://127.0.0.1:4000/               │
└─────────────────────────────────────────────────────────────┘

┌────────────────┬────────────────┬────────────────────────────┐
│ Emulator       │ Host:Port      │ View in Emulator UI        │
├────────────────┼────────────────┼────────────────────────────┤
│ Authentication │ 127.0.0.1:9099 │ http://127.0.0.1:4000/auth │
└────────────────┴────────────────┴────────────────────────────┘
  Emulator Hub host: 127.0.0.1 port: 4400
  Other reserved ports: 4500

Issues? Report them at https://github.com/firebase/firebase-tools/issues and attach the *-debug.log files.
 
